mode: set
github.com/UZver24/URL-Shortener/internal/handler/link_handler.go:20.2,21.1 1 1
github.com/UZver24/URL-Shortener/internal/handler/link_handler.go:25.2,26.61 2 1
github.com/UZver24/URL-Shortener/internal/handler/link_handler.go:27.3,29.1 2 1
github.com/UZver24/URL-Shortener/internal/handler/link_handler.go:31.2,32.16 2 1
github.com/UZver24/URL-Shortener/internal/handler/link_handler.go:33.3,35.1 2 1
github.com/UZver24/URL-Shortener/internal/handler/link_handler.go:37.2,40.1 2 1
github.com/UZver24/URL-Shortener/internal/handler/link_handler.go:42.2,42.42 2 1
github.com/UZver24/URL-Shortener/internal/handler/link_handler.go:48.2,49.16 2 1
github.com/UZver24/URL-Shortener/internal/handler/link_handler.go:50.3,52.1 2 1
github.com/UZver24/URL-Shortener/internal/handler/link_handler.go:54.2,55.16 2 1
github.com/UZver24/URL-Shortener/internal/handler/link_handler.go:56.3,58.1 2 1
github.com/UZver24/URL-Shortener/internal/handler/link_handler.go:61.2,61.52 1 1
github.com/UZver24/URL-Shortener/internal/handler/link_handler.go:68.2,69.20 2 1
github.com/UZver24/URL-Shortener/internal/handler/link_handler.go:70.3,72.1 2 0
github.com/UZver24/URL-Shortener/internal/handler/link_handler.go:73.2,74.1 3 1
github.com/UZver24/URL-Shortener/internal/handler/link_handler.go:75.2,76.16 3 1
github.com/UZver24/URL-Shortener/internal/handler/link_handler.go:77.3,79.1 2 1
github.com/UZver24/URL-Shortener/internal/handler/link_handler.go:81.2,87.1 2 1
github.com/UZver24/URL-Shortener/internal/handler/link_handler.go:89.2,89.37 2 1
github.com/UZver24/URL-Shortener/internal/handler/link_handler.go:96.2,97.20 2 1
github.com/UZver24/URL-Shortener/internal/handler/link_handler.go:98.3,100.1 2 0
github.com/UZver24/URL-Shortener/internal/handler/link_handler.go:101.2,102.1 3 1
github.com/UZver24/URL-Shortener/internal/handler/link_handler.go:103.2,104.16 3 1
github.com/UZver24/URL-Shortener/internal/handler/link_handler.go:105.3,107.1 2 1
github.com/UZver24/URL-Shortener/internal/handler/link_handler.go:109.2,109.37 1 1
github.com/UZver24/URL-Shortener/internal/handler/link_handler.go:114.2,117.1 3 1
github.com/UZver24/URL-Shortener/internal/handler/link_handler.go:121.2,122.1 1 1
github.com/UZver24/URL-Shortener/internal/handler/link_handler.go:126.2,126.9 1 1
github.com/UZver24/URL-Shortener/internal/handler/link_handler.go:128.3,128.57 1 1
github.com/UZver24/URL-Shortener/internal/handler/link_handler.go:130.3,130.58 1 1
github.com/UZver24/URL-Shortener/internal/handler/link_handler.go:132.3,132.62 1 0
github.com/UZver24/URL-Shortener/internal/handler/link_handler.go:134.3,134.67 1 0
github.com/UZver24/URL-Shortener/internal/handler/link_handler.go:136.3,136.75 1 0
