mode: set
github.com/UZver24/URL-Shortener/internal/service/link_service.go:32.2,35.1 1 1
github.com/UZver24/URL-Shortener/internal/service/link_service.go:41.2,41.30 1 1
github.com/UZver24/URL-Shortener/internal/service/link_service.go:42.3,44.1 2 1
github.com/UZver24/URL-Shortener/internal/service/link_service.go:47.2,48.35 2 1
github.com/UZver24/URL-Shortener/internal/service/link_service.go:49.3,54.1 2 1
github.com/UZver24/URL-Shortener/internal/service/link_service.go:57.2,58.22 2 1
github.com/UZver24/URL-Shortener/internal/service/link_service.go:59.3,60.1 1 1
github.com/UZver24/URL-Shortener/internal/service/link_service.go:61.3,62.17 2 1
github.com/UZver24/URL-Shortener/internal/service/link_service.go:63.4,65.1 2 0
github.com/UZver24/URL-Shortener/internal/service/link_service.go:69.2,74.1 2 1
github.com/UZver24/URL-Shortener/internal/service/link_service.go:77.2,77.46 2 1
github.com/UZver24/URL-Shortener/internal/service/link_service.go:78.3,79.17 2 1
github.com/UZver24/URL-Shortener/internal/service/link_service.go:80.4,86.1 2 1
github.com/UZver24/URL-Shortener/internal/service/link_service.go:88.3,88.44 1 1
github.com/UZver24/URL-Shortener/internal/service/link_service.go:89.4,93.1 3 1
github.com/UZver24/URL-Shortener/internal/service/link_service.go:94.4,95.18 3 1
github.com/UZver24/URL-Shortener/internal/service/link_service.go:96.5,98.1 2 0
github.com/UZver24/URL-Shortener/internal/service/link_service.go:99.4,100.12 2 1
github.com/UZver24/URL-Shortener/internal/service/link_service.go:104.3,105.18 2 0
github.com/UZver24/URL-Shortener/internal/service/link_service.go:108.2,109.66 2 0
github.com/UZver24/URL-Shortener/internal/service/link_service.go:114.2,115.16 2 1
github.com/UZver24/URL-Shortener/internal/service/link_service.go:116.3,117.1 1 1
github.com/UZver24/URL-Shortener/internal/service/link_service.go:120.2,120.12 1 1
github.com/UZver24/URL-Shortener/internal/service/link_service.go:122.3,123.64 2 1
github.com/UZver24/URL-Shortener/internal/service/link_service.go:124.4,128.1 1 0
github.com/UZver24/URL-Shortener/internal/service/link_service.go:131.2,131.30 1 1
github.com/UZver24/URL-Shortener/internal/service/link_service.go:136.2,137.1 1 1
github.com/UZver24/URL-Shortener/internal/service/link_service.go:141.2,142.16 2 1
github.com/UZver24/URL-Shortener/internal/service/link_service.go:143.3,144.1 1 1
github.com/UZver24/URL-Shortener/internal/service/link_service.go:145.2,145.12 1 1
github.com/UZver24/URL-Shortener/internal/service/link_service.go:150.2,150.15 1 1
github.com/UZver24/URL-Shortener/internal/service/link_service.go:151.3,152.1 1 1
github.com/UZver24/URL-Shortener/internal/service/link_service.go:154.2,155.16 2 1
github.com/UZver24/URL-Shortener/internal/service/link_service.go:156.3,157.1 1 0
github.com/UZver24/URL-Shortener/internal/service/link_service.go:160.2,160.39 1 1
github.com/UZver24/URL-Shortener/internal/service/link_service.go:165.2,167.1 4 1
github.com/UZver24/URL-Shortener/internal/service/link_service.go:168.2,169.30 4 1
github.com/UZver24/URL-Shortener/internal/service/link_service.go:170.3,171.17 2 1
github.com/UZver24/URL-Shortener/internal/service/link_service.go:172.4,173.1 1 0
github.com/UZver24/URL-Shortener/internal/service/link_service.go:174.3,174.31 1 1
github.com/UZver24/URL-Shortener/internal/service/link_service.go:177.2,177.26 1 1
